src\LocalMcpServer\Properties\launchSettings.json???쒖옉 ?ㅼ젙???ъ슜?섎뒗 以?..
鍮뚮뱶?섎뒗 以?..
D:\_Github_LLM\local-MCP-server-with-LLM\src\LocalMcpServer\Program.cs(186,18): warning CS0219: 'testQuery' ?좊떦?섏뿀吏留??ъ슜?섏? ?딆븯?듬땲?? [D:\_Github_LLM\local-MCP-server-with-LLM\src\LocalMcpServer\LocalMcpServer.csproj]
D:\_Github_LLM\local-MCP-server-with-LLM\src\LocalMcpServer\Program.cs(187,18): warning CS0219: 'testFilePath' ?좊떦?섏뿀吏留??ъ슜?섏? ?딆븯?듬땲?? [D:\_Github_LLM\local-MCP-server-with-LLM\src\LocalMcpServer\LocalMcpServer.csproj]
D:\_Github_LLM\local-MCP-server-with-LLM\src\LocalMcpServer\Program.cs(116,12): warning CS1998: ??鍮꾨룞湲?硫붿꽌?쒖뿉??'await' ?곗궛?먭? ?놁쑝硫?硫붿꽌?쒓? ?숈떆???ㅽ뻾?⑸땲?? 'await' ?곗궛?먮? ?ъ슜?섏뿬 鍮꾨툝濡쒗궧 API ?몄텧???湲고븯嫄곕굹, 'await Task.Run(...)'???ъ슜?섏뿬 諛깃렇?쇱슫???ㅻ젅?쒖뿉??CPU 諛붿씤?⑸맂 ?묒뾽???섑뻾?섏꽭?? [D:\_Github_LLM\local-MCP-server-with-LLM\src\LocalMcpServer\LocalMcpServer.csproj]
warn: LocalMcpServer.ResourceCache.ResourceCacheService[0]
      Embedding ??μ냼 濡쒕뱶 ?ㅽ뙣: D:\_Github_LLM\local-MCP-server-with-LLM\src\LocalMcpServer\.localmcp\rag-index.sqlite
      System.Exception: You need to call SQLitePCL.raw.SetProvider().  If you are using a bundle package, this is done by calling SQLitePCL.Batteries.Init().
         at SQLitePCL.raw.get_Provider()
         at SQLitePCL.raw.sqlite3_open_v2(utf8z filename, sqlite3& db, Int32 flags, utf8z vfs)
         at SQLitePCL.raw.sqlite3_open_v2(String filename, sqlite3& db, Int32 flags, String vfs)
         at Microsoft.Data.Sqlite.SqliteConnectionInternal..ctor(SqliteConnectionStringBuilder connectionOptions, SqliteConnectionPool pool)
         at Microsoft.Data.Sqlite.SqliteConnectionPool.GetConnection()
         at Microsoft.Data.Sqlite.SqliteConnectionFactory.GetConnection(SqliteConnection outerConnection)
         at Microsoft.Data.Sqlite.SqliteConnection.Open()
         at LocalMcpServer.ResourceCache.ResourceCacheService.InitializeEmbeddingStore() in D:\_Github_LLM\local-MCP-server-with-LLM\src\LocalMcpServer\ResourceCache\ResourceCacheService.cs:line 692
info: Program[0]
      ========== ?ㅼ젣 ?뚯씪 ?듯빀 ?뚯뒪???쒖옉 ==========
info: Program[0]
      [?뚯뒪?? ?꾨줈?앺듃???ㅼ젣 ?뚯씪濡?RAG 泥섎━ ?쒕??덉씠??
info: Program[0]
        ?뱞 ?뚯씪: SummaryToolWindowControl.cs
info: Program[0]
          - 寃쎈줈: ../../../../LocalMcpVsExtension/ToolWindows/SummaryToolWindowControl.cs
info: Program[0]
          - ?ш린: 95KB, 以? 2261以?
info: Program[0]
          - RAG ?쒖꽦??議곌굔: lineCount(2261) > 500 && RAG.Enabled(True) = ????
info: Program[0]
          ?숋툘  RAG 泥섎━ ?쒕??덉씠??..
info: Program[0]
          - ?덉긽 Chunk ?? 7媛?(300以꾨떦 1媛쒕줈 異붿젙)
info: Program[0]
          - ?덉긽 RAG Context ?ш린: ~5KB (?먮낯 95KB?먯꽌 95% 媛먯냼)
info: Program[0]
          ??PASS: RAG 泥섎━ 媛??
warn: Program[0]
        ???뚯씪 ?놁쓬: D:\_Github_LLM\local-MCP-server-with-LLM\src\LocalMcpServer\bin\Debug\net9.0\McpServer\RunOrchestrator.cs
warn: Program[0]
        ???뚯씪 ?놁쓬: D:\_Github_LLM\local-MCP-server-with-LLM\src\LocalMcpServer\bin\Debug\net9.0\ResourceCache\ResourceCacheService.cs
info: Program[0]
      [寃곌낵] ??PASS: ?ㅼ젣 ?뚯씪 ?듯빀 ?뚯뒪???꾨즺
info: Program[0]
        - ?꾨줈?앺듃???ㅼ젣 ?뚯씪?ㅼ씠 RAG 議곌굔??留뚯”??
info: Program[0]
        - 500以??댁긽???뚯씪?먯꽌 ?먮룞?쇰줈 RAG 泥섎━ ?쒖꽦??
info: Program[0]
      ========== ?ㅼ젣 ?뚯씪 ?듯빀 ?뚯뒪???꾨즺 ==========
